# IT Systems Update and Troubleshooting Log

## Author: Diego Lopez
## Date: 2025-12-24

---

## Context
This log details IT systems updates and ongoing troubleshooting efforts during the critical server outage on December 24, 2025. The outage has resulted in significant disruptions to university operations, including delays in final grade submissions, interrupted research activities, and broader implications for administrative functions during a time of heightened institutional turmoil.

---

## Summary of Events

### Major Server Outage Timeline
- **2025-12-24, 02:15 AM:** Initial reports of server disruptions received from faculty members in the Engineering and Humanities departments.
- **2025-12-24, 03:00 AM:** IT department confirms widespread outages affecting 70% of university systems, including grading portals, research databases, and administrative tools.
- **2025-12-24, 04:30 AM:** Troubleshooting begins, focusing on the primary data center hardware and network connectivity issues.
- **2025-12-24, 07:00 AM:** Emergency response team activated; IT staff work in shifts to mitigate the impact.
- **2025-12-24, 12:00 PM:** Partial restoration achieved for grading portals (~40% functionality restored), but core systems remain offline.
- **2025-12-24, 03:30 PM:** Root cause identified: failure of legacy server hardware due to overheating and lack of routine maintenance.
- **2025-12-24, 05:00 PM:** Temporary fixes applied; university systems operating at approximately 60% capacity.
- **2025-12-24, 10:00 PM:** Full restoration delayed due to dependency on replacement hardware, estimated arrival in 48 hours.

---

## Technical Analysis

### Root Cause
- **Primary Issue:** Overheating of legacy server hardware in the main data center.
- **Contributing Factors:**
  - Outdated cooling systems (last upgraded in 2017).
  - Insufficient monitoring tools for real-time temperature and performance metrics.
  - Deferred IT infrastructure upgrades due to budget constraints.

### Impact Overview
- **Affected Systems:**
  - Student and faculty grading portals.
  - Research databases for ongoing projects in STEM and Humanities.
  - Administrative systems used for payroll, scheduling, and communications.
- **Operational Disruptions:**
  - Final grade submissions delayed for 12 departments.
  - Research activities halted for over 300 faculty members and graduate students.
  - Increased complaints from students and faculty, exacerbating tensions during the ongoing financial crisis.

---

## Actions Taken

### Emergency Response
- Activated emergency response protocol and assigned roles to 18 IT staff members.
- Redirected data traffic to backup servers where possible.
- Deployed temporary cooling units to stabilize overheated hardware.

### Mitigation Measures
- Prioritized restoration of grading portals to support academic operations.
- Conducted manual data backups to prevent potential data loss.
- Initiated procurement requests for replacement server hardware and cooling systems.

---

## Next Steps

### Immediate Goals
1. **Full System Restoration:**
   - Continue troubleshooting to restore functionality to 100%.
   - Test temporary fixes to ensure stability until replacement hardware arrives.

2. **Communication:**
   - Issue updates to students, faculty, and staff about system status.
   - Coordinate with the administration to provide timely information about delays and disruptions.

### Long-Term Strategy
- Expedite procurement of new server hardware and cooling systems.
- Conduct a comprehensive audit of IT infrastructure to identify other potential vulnerabilities.
- Collaborate with the finance department to secure funding for overdue upgrades.
- Implement real-time monitoring tools to prevent future outages.

---

## Additional Notes
- **Staff Feedback:** IT team expressed concerns about burnout due to prolonged crisis management and lack of resources.
- **External Factors:** The ongoing financial crisis has limited the department's ability to address infrastructure issues proactively.
- **Recommended Action:** Allocate emergency funds to IT upgrades and ensure transparency regarding resource allocation.

---

## Log Entry Metadata
- **Author:** Diego Lopez
- **Department:** IT Services
- **Date of Report:** 2025-12-24
- **Related Events:**
  - Server outage on 2025-12-24.
  - Flash sit-in protests demanding transparency.
  - Emergency town hall meeting called by chancellor.
  - Alumni coalition's additional donation pledge contingent on financial transparency.

---

## Attachments
- [Incident Report: Server Outage Root Cause Analysis](#)
- [Procurement Request: Replacement Hardware and Cooling Systems](#)
- [System Status Update: December 24, 2025](#)