# Log File: Unauthorized Access Attempts on University Server

## Author: Javier Garcia

### Context
This log file documents unauthorized access attempts on the university's server, occurring amidst ongoing institutional turmoil. The university has faced protests, financial instability, and IT infrastructure failures, creating heightened concerns over cybersecurity vulnerabilities. Unauthorized access attempts on 2025-12-29 were detected and logged for review and further investigation.

---

## Summary of Unauthorized Access Attempts

- **Date:** 2025-12-29
- **Location:** University central server
- **Detected by:** IT Department monitoring tools
- **Timeframe of incidents:** 01:00 - 23:30 (UTC)
- **Total attempts:** 17
- **Severity:** Medium to High
- **Type of attacks:**
  - Brute force login attempts
  - SQL injection attempts
  - Unauthorized API calls
  - Exploitation of known vulnerabilities

---

## Detailed Incident Logs

### 1. Incident ID: 20251229001
- **Timestamp:** 2025-12-29 01:12:23
- **Source IP:** 203.0.113.45
- **Attack Type:** Brute force login attempt
- **Target:** Admin control panel
- **Status:** Blocked after 5 failed attempts
- **Notes:** Multiple attempts to guess admin credentials detected. IP flagged and added to blacklist.

### 2. Incident ID: 20251229002
- **Timestamp:** 2025-12-29 02:45:18
- **Source IP:** 198.51.100.22
- **Attack Type:** SQL injection
- **Target:** University student database
- **Status:** Query blocked by server-side validation
- **Notes:** Attempted injection into `students_login` table. No data compromised.

### 3. Incident ID: 20251229003
- **Timestamp:** 2025-12-29 04:02:41
- **Source IP:** 203.0.113.98
- **Attack Type:** Unauthorized API call
- **Target:** Financial aid management system
- **Status:** Access denied
- **Notes:** API key mismatch detected. Possible use of stolen or outdated credentials.

### 4. Incident ID: 20251229004
- **Timestamp:** 2025-12-29 06:23:09
- **Source IP:** 192.0.2.11
- **Attack Type:** Exploitation of known vulnerability
- **Target:** Legacy server software
- **Status:** Exploit attempted but failed
- **Notes:** Outdated software flagged for immediate update.

### 5. Incident ID: 20251229005
- **Timestamp:** 2025-12-29 09:37:56
- **Source IP:** 198.51.100.88
- **Attack Type:** Brute force login attempt
- **Target:** Faculty portal
- **Status:** Blocked after 8 failed attempts
- **Notes:** IP flagged and added to blacklist.

### 6. Incident ID: 20251229006
- **Timestamp:** 2025-12-29 12:10:33
- **Source IP:** 203.0.113.55
- **Attack Type:** SQL injection
- **Target:** Research database
- **Status:** Query blocked by database security rules
- **Notes:** Attempted injection into `research_publications` table. No data compromised.

...
(Logs continue for all 17 incidents)

---

## Statistical Analysis

### Attack Distribution by Type
- **Brute Force Attempts:** 7 instances
- **SQL Injection Attempts:** 4 instances
- **Unauthorized API Calls:** 3 instances
- **Exploitation of Vulnerabilities:** 3 instances

### Attack Distribution by Time
- **Early Morning (00:00 - 06:00):** 5 attempts
- **Morning (06:00 - 12:00):** 4 attempts
- **Afternoon (12:00 - 18:00):** 3 attempts
- **Evening (18:00 - 24:00):** 5 attempts

---

## Recommendations

1. **Immediate Actions:**
   - Block and blacklist IPs involved in attacks.
   - Perform a full security audit of server infrastructure.
   - Patch outdated software and address flagged vulnerabilities.
   - Strengthen API security with updated authentication mechanisms.

2. **Long-Term Measures:**
   - Implement multi-factor authentication for all admin and faculty accounts.
   - Upgrade server hardware and software to mitigate infrastructure risks.
   - Enhance monitoring tools to detect and respond to attacks more effectively.
   - Conduct regular cybersecurity training for staff and faculty.

3. **Incident Reporting:**
   - Notify university leadership and relevant stakeholders about the incidents.
   - Prepare a detailed report for the upcoming board meeting.
   - Collaborate with external cybersecurity experts to assess risks and plan mitigation strategies.

---

## Conclusion
The unauthorized access attempts on 2025-12-29 highlight the urgent need for improved cybersecurity measures at the university. The IT department must prioritize addressing vulnerabilities and implementing stronger defenses to safeguard critical data and infrastructure. Immediate action and long-term planning are required to prevent future incidents and restore trust in the institution's ability to protect its digital assets.
