# Student Portal Failure Log

## Author
Javier Garcia

## Context
This log file records the errors and events surrounding the failure of the university's student portal on December 12, 2025. The outage occurred during a period of significant unrest and operational challenges within the institution, exacerbating frustrations among students, faculty, and staff.

---

## Timeline of Events

### [2025-12-12]
#### 08:45 AM - Initial Incident
- **Error Description:** Student portal became non-responsive. Users reported being unable to log in or access academic records.
- **Error Code:** `503 Service Unavailable`
- **Initial Cause Analysis:** Outdated server infrastructure suspected.

#### 09:15 AM - Escalation
- **IT Action:** IT department initiated diagnostic procedures. System logs showed repeated timeouts and database connection failures.
- **Error Codes:**
  - `504 Gateway Timeout`
  - `500 Internal Server Error`
- **User Impact:** Approximately 15,000 students and faculty affected. Complaints surged on social media platforms.

#### 10:30 AM - Emergency Team Mobilized
- **Team Involved:** Senior IT staff, database administrators, and system architects.
- **Diagnostic Findings:**
  - Critical overload on the primary server cluster.
  - Failed backups due to corrupted storage drives.
  - Network traffic spike attributed to automated retry scripts.

#### 11:15 AM - Public Announcement
- **Issued By:** University Communications Office.
- **Message:** "We are aware of the ongoing issues with the student portal and are working diligently to resolve them. We apologize for the inconvenience."
- **Community Reaction:**
  - Protesters outside the administration building amplified demands for clearer communication.
  - Students expressed frustration over missed deadlines for assignments and registration.

#### 01:30 PM - Partial Restoration Attempt
- **Action Taken:**
  - Restarted server clusters.
  - Rolled back recent software updates.
- **Outcome:**
  - Portal remained inaccessible.
  - Error logs indicated persistent database synchronization failures.
  - Error Codes:
    - `502 Bad Gateway`
    - `408 Request Timeout`

#### 03:45 PM - External Consultant Engaged
- **Details:** University hired a third-party IT consultant to assist in resolving the issue.
- **Findings:**
  - Server hardware nearing end-of-life.
  - Misconfigured load balancer contributed to bottlenecks.

#### 06:00 PM - Root Cause Identified
- **Primary Cause:**
  - Legacy servers failed under peak load.
  - Lack of redundancy in the system architecture.
- **Secondary Causes:**
  - Delayed maintenance schedules due to budget constraints.
  - Inadequate IT staffing during critical periods.

#### 08:30 PM - Temporary Fix Implemented
- **Action Taken:**
  - Migrated critical services to cloud-based infrastructure.
  - Disabled non-essential features to reduce server load.
- **Status:** Partial functionality restored. Students could log in but faced delays in accessing certain features like grade reports and registration tools.

---

## Error Log Summary

### Top Error Codes
| Error Code           | Frequency | Description                     |
|----------------------|-----------|---------------------------------|
| 503 Service Unavailable | 3,258     | Server unable to handle requests |
| 504 Gateway Timeout     | 1,876     | Server took too long to respond |
| 500 Internal Server Error| 1,245     | Generic server error            |
| 502 Bad Gateway         | 980       | Invalid response from server    |
| 408 Request Timeout      | 762       | Client request timed out        |

### System Metrics
| Metric                 | Value        | Description                             |
|------------------------|--------------|-----------------------------------------|
| Server CPU Usage (%)   | 98%          | Critical overload due to high traffic   |
| Memory Utilization (%) | 92%          | Insufficient capacity                   |
| Database Query Errors  | 1,542 queries| Failed attempts to fetch user data      |
| Network Latency (ms)   | ~800 ms      | Delay in packet transmission            |

---

## Community Impact

### Student Feedback
- **Missed Deadlines:** Students were unable to submit assignments or register for classes.
- **Social Media Backlash:** Trending hashtags included #PortalFail and #UniversityCrisis.

### Faculty Feedback
- **Instructional Challenges:** Faculty could not upload grades or access course materials.
- **Departmental Concerns:** Science and humanities departments raised complaints about system reliability.

### Administrative Impact
- **Delayed Operations:** Admissions and finance departments reported disruptions in processing applications and payments.
- **Reputation Damage:** Local media coverage highlighted the failure as another example of the university’s operational mismanagement.

---

## Recommendations

### Short-Term Actions
- **Emergency Upgrades:** Replace legacy servers with temporary cloud instances.
- **Enhanced Monitoring:** Deploy real-time diagnostics tools to track system health.
- **User Communication:** Provide frequent updates via email and social media.

### Long-Term Actions
- **Infrastructure Overhaul:** Replace outdated hardware and implement redundancy.
- **Budget Allocation:** Increase funding for IT maintenance and staffing.
- **Transparency:** Publish a detailed report on the outage and measures being taken to prevent recurrence.

---

## Closing Remarks
The student portal outage highlighted systemic issues within the university’s IT infrastructure and broader operational challenges. Immediate steps must be taken to restore trust among stakeholders and ensure continuity of critical services.

---

## Author Notes
This log file is part of ongoing documentation efforts to address the student portal outage and related issues. Further updates will be appended as more information becomes available.