# Data Annotation Tool Inconsistencies Log

**Author:** Neha Sharma  
**Date:** 2026-03-16  
**Context:** This log documents the inconsistencies identified in the semi-automated data annotation tool, their potential causes, and proposed next steps for resolution.

---

## Overview
The semi-automated data annotation tool was flagged for inconsistencies by a junior engineer on 2026-03-16. This delay has caused frustration among the data science team and has compounded ongoing challenges in the data pipeline. This document provides a detailed breakdown of the identified issues, possible root causes, and recommendations for immediate and long-term actions.

---

## Key Issues Identified

### 1. **Inconsistent Labeling Across Data Subsets**
- **Description:** Significant discrepancies were noted in the labeling of semantically similar data points across different subsets of the dataset.
- **Impact:**
  - Introduced noise into the training data.
  - Reduced model performance metrics by ~7% in initial testing.
  - Increased manual review workload by approximately 30%.
- **Possible Causes:**
  - Varying annotation guidelines implemented across different modules of the tool.
  - Inadequate alignment between the ontology used in the tool and the dataset schema.
  - Lack of version control for annotation rules.

### 2. **Annotation Tool Crashes During Bulk Processing**
- **Description:** The tool frequently crashes when processing batches larger than 5,000 data points.
- **Impact:**
  - Reduced throughput by ~40% during annotation cycles.
  - Increased processing costs due to the need for repeated runs.
- **Possible Causes:**
  - Memory leaks in the bulk processing module.
  - Suboptimal database query performance when handling large batches.
  - Inadequate handling of edge cases in the parallel processing pipeline.

### 3. **Misclassification of Edge Cases**
- **Description:** Certain edge-case inputs are consistently misclassified by the model, despite having clear annotation guidelines.
- **Impact:**
  - Hinders the development of a reliable model for downstream tasks.
  - Results in low confidence scores on critical data.
- **Possible Causes:**
  - Weaknesses in the pre-annotation heuristics used by the tool.
  - Limited coverage of edge cases in the training dataset for the annotation model.
  - Potential bugs in the logic for handling exceptions.

### 4. **Annotation Tool UI/UX Issues**
- **Description:** The user interface for manual overrides is unintuitive, leading to errors and inefficiencies during manual reviews.
- **Impact:**
  - Increased manual correction time by ~15%.
  - Higher error rates in final annotations.
- **Possible Causes:**
  - Poorly defined user workflows during tool development.
  - Lack of feedback mechanisms for annotators to report usability issues.
  - Outdated UI libraries causing layout inconsistencies.

---

## Immediate Actions Taken
- **Temporary Freeze on Large Batch Processing:** The engineering team has recommended limiting batch sizes to 2,000 data points until the memory leak and performance issues are resolved.
- **Manual QA Process for Critical Data Subsets:** A focused team of senior annotators has been assigned to manually review and correct inconsistencies in high-priority subsets.
- **Bug Tracking:** A dedicated issue tracker has been set up to monitor and address tool-related bugs, categorized by severity and priority.

---

## Recommendations for Resolution

### Short-Term (1-2 Weeks):
1. **Fix Memory Leak:**
   - Conduct a code audit of the bulk processing module.
   - Profile memory usage to identify and resolve leaks.
   - Implement automated memory usage tests in the CI/CD pipeline.
2. **Clarify Annotation Guidelines:**
   - Standardize annotation rules and disseminate them across the team.
   - Incorporate stricter validation checks in the tool to enforce guidelines.
3. **UI/UX Improvements:**
   - Simplify the manual override interface.
   - Add tooltip explanations and error messages for key UI components.
   - Collect user feedback to identify high-priority UI changes.

### Mid-Term (1-2 Months):
1. **Tool Versioning:**
   - Implement version control for annotation rules within the tool.
   - Introduce a changelog feature to track updates and their impact on annotations.
2. **Enhance Pre-Annotation Heuristics:**
   - Retrain the pre-annotation model with a focus on edge-case handling.
   - Expand the training dataset with additional edge-case examples.
3. **Database Optimization:**
   - Index frequently queried fields in the annotation database.
   - Optimize SQL queries to reduce processing times on large datasets.

### Long-Term (3+ Months):
1. **Integrate Feedback Loops:**
   - Develop a feedback mechanism to allow annotators to flag tool errors.
   - Use flagged errors to iteratively improve the tool's logic and heuristics.
2. **Scalability Improvements:**
   - Refactor the tool's architecture to handle larger batch sizes efficiently.
   - Conduct stress testing to identify and address bottlenecks.
3. **Audit Open-Source Dependencies:**
   - Perform a full audit of third-party libraries used in the tool.
   - Document all dependencies and their versions to prevent future compatibility issues.

---

## Summary of Next Steps
- **Owner:** Engineering team to lead the investigation into memory leaks and bulk processing issues.
- **Timeline:** Initial fixes to be delivered by 2026-03-23.
- **Metrics for Success:**
  - Reduction in annotation inconsistencies to <2%.
  - Improvement in batch processing throughput by at least 50%.
  - Positive user feedback on UI/UX changes.
- **Risks:** Delays in addressing these issues could impact downstream model performance and erode investor confidence further.

---

## Attachments
- Error logs from bulk processing crashes.
- Screenshots of misclassified edge cases.
- Annotator feedback survey results.

---

**Prepared by:** Neha Sharma  
**Reviewed by:** [Pending]  
**Approved by:** [Pending]