# Network Status Logs - 2025-12-10

## Author: Javier Garcia

### Context:
This log captures network status during the partial outage experienced on December 10, 2025. The outage occurred amidst ongoing campus unrest and administrative challenges.

---

## Overview:
- **Date:** 2025-12-10
- **Time Window:** 09:45 AM - 02:30 PM
- **Severity:** Partial outage, affecting critical academic resources
- **Impact:**
  - Limited access to online learning platforms (Moodle, Blackboard)
  - Disrupted email services for students and faculty
  - VPN access for remote users intermittently unavailable
  - Reduced bandwidth for internal systems
  
---

## Timeline of Events:

### **09:45 AM**
- **Issue Detected**: The monitoring system flagged abnormal packet loss across internal network segments.
- **Initial Symptoms**:
  - Increased latency on all connected systems.
  - Students reported issues accessing online course materials.
- **Actions Taken**:
  - IT staff began diagnostics on core routers and switches.
  - Alert issued to faculty and staff about potential interruptions.

### **10:15 AM**
- **Diagnosis Update**:
  - Identified potential failure in the primary data center switch cluster.
  - Initial hypothesis: hardware degradation compounded by outdated firmware.
- **Mitigation Attempt**:
  - Restarted affected switch nodes and applied temporary routing changes.

### **11:00 AM**
- **Escalation**:
  - Network instability persisted despite initial mitigation.
  - VPN access fully down, remote staff unable to connect.
  - Support tickets volume surged (500+ new tickets logged).
- **New Hypothesis**:
  - Suspected cascading failure due to insufficient redundancy in hardware.

### **12:30 PM**
- **Partial Restoration**:
  - IT engineers isolated failing switch cluster and rerouted traffic.
  - Bandwidth improved for internal systems, allowing limited access to learning platforms.
  - VPN remained offline.
- **Communication**:
  - Issued another update to stakeholders via SMS and email (where possible).

### **02:30 PM**
- **Full Restoration**:
  - Replacement hardware installed for the primary switch cluster.
  - VPN access restored.
  - Monitoring systems verified stability.
  - IT team continued to monitor for residual issues.

---

## Technical Details:

### **Root Cause Analysis**
- **Primary Cause**:
  - Hardware degradation in the primary switch cluster due to outdated components.
- **Secondary Factors**:
  - Insufficient redundancy in network topology.
  - Delayed firmware updates caused compatibility issues with newer systems.

### **Affected Systems**
- **Online Learning Platforms**:
  - Moodle
  - Blackboard
- **Communication Tools**:
  - Faculty and Student Emails
  - Internal Messaging Systems
- **Remote Access Services**:
  - VPN

### **Diagnostic Data**:
- Packet Loss:
  - Average: 35%
  - Peak: 72%
- Latency:
  - Average: 500ms
  - Peak: 1200ms
- Bandwidth Utilization:
  - Average: 60%
  - Peak: 90%

---

## Action Items:

### **Immediate Steps**:
- Replace failing hardware in primary switch cluster.
- Apply firmware updates to all critical infrastructure.
- Increase monitoring frequency for early detection of similar issues.

### **Long-Term Recommendations**:
- Conduct a full audit of network infrastructure.
- Invest in modernized hardware with greater redundancy.
- Establish a scheduled update cycle for firmware and software.
- Allocate emergency funds for IT crisis response.

---

## Stakeholder Communication:

### **Messages Sent**:
- **Initial Notification** (09:50 AM):
  "Network issues detected. IT is working to resolve. Expect intermittent disruptions."
- **Follow-Up** (11:15 AM):
  "Partial restoration achieved. VPN access still unavailable. Updates forthcoming."
- **Final Update** (02:35 PM):
  "Network fully restored. Systems stable. Thank you for your patience."

### **Feedback Received**:
- High volume of complaints from students regarding academic deadlines.
- Faculty expressed frustration over disrupted communication.
- Multiple departments requested urgent IT upgrades.

---

## Conclusion:
The partial network outage on December 10, 2025, highlighted critical gaps in the university's IT infrastructure. While the immediate crisis was resolved through rapid action, long-term improvements are necessary to prevent future disruptions. The IT department will work with university leadership to secure funding for infrastructure modernization.

---

## Attachments:
- [Network Diagnostic Logs](#)
- [Packet Loss Data](#)
- [IT Budget Proposal for 2026](#)

---

*File authored by Javier Garcia, IT Department*