# App Notification Issues Log

### Author: Omar Khan  
### Context: Log file documenting user reports about app notification issues received by the customer support team.

---

## Overview
The following document provides a detailed account of user-reported issues regarding app notifications. These issues have been escalating, contributing to a significant strain on the customer support team and raising broader concerns about app stability. The report records observations, patterns, and potential root causes for further investigation.

---

## Incident Timeline

### [2025-12-29]

#### Summary:
The customer support team observed a sharp increase in user complaints related to app notifications. This coincides with other ongoing technical challenges, including server performance issues and a recent botnet attack.

#### Key Observations:
- **Volume of Reports:**
  - Over 350 user complaints received within 12 hours.
  - Complaints originated from both iOS and Android users.
- **Nature of Issues:**
  - **Delayed notifications**: Users reported receiving notifications several hours after the relevant event occurred.
  - **Missing notifications**: Some users claimed that they did not receive certain notifications at all.
  - **Duplicate notifications**: Reports indicated that some users were receiving the same notification multiple times.
- **Geographic Distribution:**
  - Complaints were predominantly from North America (45%) and Europe (30%).
  - A smaller percentage of complaints (15%) came from Asia-Pacific regions, with the remaining reports scattered across other territories.

#### Example User Complaints:
1. *"I missed an important reminder because the app didn't notify me until 3 hours later. This is unacceptable!"*  
   - User ID: 12345  
   - Device: iPhone 13 Pro  
   - OS Version: iOS 16.4

2. *"I keep getting the same notification multiple times in a row. It's really annoying!"*  
   - User ID: 98765  
   - Device: Samsung Galaxy S21  
   - OS Version: Android 14

3. *"The notifications from your app just stopped working altogether. I rely on them for my daily schedule."*  
   - User ID: 67890  
   - Device: Google Pixel 7  
   - OS Version: Android 14

---

## Possible Causes

The following potential causes were identified based on initial analysis of the issues:

1. **Backend Server Overload:**
   - The recent surge in traffic due to the botnet attack may have overwhelmed the notification delivery system.
   - Evidence: Logs indicate delayed processing of notification requests during peak complaint periods.

2. **Database Query Inefficiencies:**
   - The recent optimization solution implemented by the IT team temporarily improved server performance but may have inadvertently introduced issues with query handling for notifications.
   - Evidence: Database latency metrics show a 25% increase in query response times during the affected period.

3. **Notification Queue Mismanagement:**
   - A misconfigured notification queue may have resulted in duplicate or delayed notifications.
   - Evidence: Error logs contain references to "queue overflow" and "retry loop timeout" events.

4. **Mobile OS-Specific Bugs:**
   - Differences in notification handling between iOS and Android platforms may be contributing to inconsistent behavior.
   - Evidence: iOS users reported more issues with missing notifications, whereas Android users reported more issues with duplicates.

---

## Immediate Actions Taken

1. **Increased Monitoring:**
   - Enabled real-time monitoring of the notification system to identify bottlenecks and failures as they occur.

2. **Temporary Throttling:**
   - Implemented throttling on non-critical notifications to reduce server load while maintaining essential functionality.

3. **User Communication:**
   - Sent an in-app message and email to users acknowledging the issue and providing an estimated resolution timeline.

4. **Bug Fix Prioritization:**
   - Assigned a dedicated team of engineers to investigate and resolve notification queue management bugs.

---

## Next Steps

1. **Root Cause Analysis:**
   - Conduct a detailed post-mortem to identify the root causes of the notification issues and implement long-term fixes.

2. **Scalability Improvements:**
   - Collaborate with the IT team to optimize server capacity and ensure the notification system can handle increased load during peak periods.

3. **User Compensation:**
   - Offer affected users a goodwill gesture, such as free premium account upgrades or coupons, to maintain customer satisfaction.

4. **Cross-Platform Testing:**
   - Perform rigorous testing of the notification system across different devices and operating systems to identify platform-specific bugs.

5. **Engage External Consultants:**
   - Hire third-party experts to review the notification system architecture and recommend improvements.

---

## Conclusion

The notification issues reported by users on 2025-12-29 highlight significant challenges in maintaining app stability during periods of high traffic and system strain. While immediate actions have been taken to mitigate the impact, resolving these issues will require a comprehensive approach involving technical fixes, improved monitoring, and proactive communication with users.

Further updates will be documented in subsequent logs as progress is made.

---

*End of Log*